[[ 0.          0.          0.         ...,  0.          0.          0.        ]
 [ 0.03428642  0.03400492  0.03316507 ...,  0.03316507  0.03400492
   0.03428642]
 [ 0.06841567  0.06785397  0.06617812 ...,  0.06617812  0.06785397
   0.06841567]
 ...,
 [ 0.05622525  0.05576364  0.05438639 ...,  0.05438639  0.05576364
   0.05622525]
 [ 0.02789893  0.02766988  0.02698649 ...,  0.02698649  0.02766988
   0.02789893]
 [-0.         -0.         -0.         ..., -0.         -0.         -0.        ]]
